// Jest Snapshot v1, https://goo.gl/fbAQLP

exports[`GetAuthenticatedUserHandler execute should return no user if not found 1`] = `null`;

exports[`GetAuthenticatedUserHandler execute should return the correct user 1`] = `
User {
  "email": "wltc-admin@tapapp.be",
  "id": "49affd08-f461-4e80-899f-7612e971ff12",
  "name": "Admin WLTC",
  "organisation": Organisation {
    "id": "0c1510ab-5dca-41e2-8912-ee165140ae90",
    "name": "WLTC",
  },
}
`;
