// Jest Snapshot v1, https://goo.gl/fbAQLP

exports[`GetAuthenticatedUserHandler execute should return no user if not found 1`] = `null`;

exports[`GetAuthenticatedUserHandler execute should return the correct user 1`] = `
User {
  "createdAt": 2020-03-03T09:30:24.076Z,
  "email": "wltc1@tapapp.be",
  "id": "49affd08-f461-4e80-899f-7612e971ff12",
  "name": "User 1",
  "updatedAt": 2020-03-03T09:30:27.518Z,
}
`;
